../Core/Src/main.c:96:13:Delay_us	2
../Core/Src/main.c:106:13:PWM_LED	1
../Core/Src/main.c:118:13:Update_PWM	4
../Core/Src/main.c:141:13:Delay_ms_simple	2
../Core/Src/main.c:150:6:HAL_GPIO_EXTI_Callback	3
../Core/Src/main.c:171:13:SPI_Exchange	3
../Core/Src/main.c:200:6:HAL_UART_RxCpltCallback	3
../Core/Src/main.c:218:6:HAL_UART_TxCpltCallback	2
../Core/Src/main.c:227:6:UART_Send_String	2
../Core/Src/main.c:237:6:Process_UART_Commands	10
../Core/Src/main.c:308:5:main	16
../Core/Src/main.c:466:6:SystemClock_Config	3
../Core/Src/main.c:516:13:MX_SPI1_Init	2
../Core/Src/main.c:554:13:MX_SPI2_Init	2
../Core/Src/main.c:591:13:MX_USART1_UART_Init	2
../Core/Src/main.c:624:13:MX_GPIO_Init	1
../Core/Src/main.c:669:6:Error_Handler	1
