../Core/Src/main.c:96:13:Delay_us	24	static
../Core/Src/main.c:106:13:PWM_LED	16	static
../Core/Src/main.c:118:13:Update_PWM	4	static
../Core/Src/main.c:141:13:Delay_ms_simple	24	static,ignoring_inline_asm
../Core/Src/main.c:150:6:HAL_GPIO_EXTI_Callback	16	static
../Core/Src/main.c:171:13:SPI_Exchange	16	static
../Core/Src/main.c:200:6:HAL_UART_RxCpltCallback	24	static
../Core/Src/main.c:218:6:HAL_UART_TxCpltCallback	16	static
../Core/Src/main.c:227:6:UART_Send_String	16	static
../Core/Src/main.c:237:6:Process_UART_Commands	16	static
../Core/Src/main.c:308:5:main	24	static
../Core/Src/main.c:466:6:SystemClock_Config	88	static
../Core/Src/main.c:516:13:MX_SPI1_Init	8	static
../Core/Src/main.c:554:13:MX_SPI2_Init	8	static
../Core/Src/main.c:591:13:MX_USART1_UART_Init	8	static
../Core/Src/main.c:624:13:MX_GPIO_Init	48	static
../Core/Src/main.c:669:6:Error_Handler	4	static,ignoring_inline_asm
