../Core/Src/main.c:72:13:Delay_us	24	static
../Core/Src/main.c:82:13:PWM_LED	16	static
../Core/Src/main.c:94:13:Update_PWM	4	static
../Core/Src/main.c:117:13:Delay_ms_simple	24	static,ignoring_inline_asm
../Core/Src/main.c:126:6:HAL_GPIO_EXTI_Callback	16	static
../Core/Src/main.c:146:13:SPI_Exchange	16	static
../Core/Src/main.c:178:5:main	8	static
../Core/Src/main.c:252:6:SystemClock_Config	88	static
../Core/Src/main.c:302:13:MX_SPI1_Init	8	static
../Core/Src/main.c:340:13:MX_SPI2_Init	8	static
../Core/Src/main.c:377:13:MX_GPIO_Init	48	static
../Core/Src/main.c:422:6:Error_Handler	4	static,ignoring_inline_asm
